******************************************************************************
                  TI ARM Linker PC v20.2.7                     
******************************************************************************
>> Linked Sat Jul 20 20:58:39 2024

OUTPUT FILE NAME:   <AUTOSAR_Project.out>
ENTRY POINT SYMBOL: "_c_int00_noargs"  address: 00001245


MEMORY CONFIGURATION

         name            origin    length      used     unused   attr    fill
----------------------  --------  ---------  --------  --------  ----  --------
  FLASH                 00000000   00040000  00001456  0003ebaa  R  X
  SRAM                  20000000   00008000  00000216  00007dea  RW X


SEGMENT ALLOCATION MAP

run origin  load origin   length   init length attrs members
----------  ----------- ---------- ----------- ----- -------
00000000    00000000    00001458   00001458    r-x
  00000000    00000000    0000026c   0000026c    r-- .intvecs
  0000026c    0000026c    0000106e   0000106e    r-x .text
  000012da    000012da    0000015c   0000015c    r-- .const
  00001438    00001438    00000020   00000020    r-- .cinit
20000000    20000000    00000216   00000000    rw-
  20000000    20000000    00000200   00000000    rw- .stack
  20000200    20000200    00000016   00000000    rw- .data


SECTION ALLOCATION MAP

 output                                  attributes/
section   page    origin      length       input sections
--------  ----  ----------  ----------   ----------------
.intvecs   0    00000000    0000026c     
                  00000000    0000026c     tm4c123gh6pm_startup_ccs.obj (.intvecs)

.text      0    0000026c    0000106e     
                  0000026c    00000948     Port.obj (.text)
                  00000bb4    0000030c     Dio.obj (.text)
                  00000ec0    000000a8     Os.obj (.text)
                  00000f68    0000009c     rtsv7M4_T_le_v4SPD16_eabi.lib : memcpy_t2.asm.obj (.text)
                  00001004    0000007c     Button.obj (.text)
                  00001080    0000007c     Gpt.obj (.text)
                  000010fc    00000068     rtsv7M4_T_le_v4SPD16_eabi.lib : copy_decompress_lzss.c.obj (.text:decompress:lzss:__TI_decompress_lzss)
                  00001164    0000005c     App.obj (.text)
                  000011c0    00000044     rtsv7M4_T_le_v4SPD16_eabi.lib : autoinit.c.obj (.text:__TI_auto_init_nobinit_nopinit:__TI_auto_init_nobinit_nopinit)
                  00001204    0000003e     Led.obj (.text)
                  00001242    00000002     --HOLE-- [fill = 0]
                  00001244    00000034     rtsv7M4_T_le_v4SPD16_eabi.lib : boot_cortex_m.c.obj (.text:_c_int00_noargs:_c_int00_noargs)
                  00001278    00000020     Mcu.obj (.text)
                  00001298    00000016     Det.obj (.text)
                  000012ae    0000000e     rtsv7M4_T_le_v4SPD16_eabi.lib : copy_decompress_none.c.obj (.text:decompress:none:__TI_decompress_none)
                  000012bc    0000000c     tm4c123gh6pm_startup_ccs.obj (.text)
                  000012c8    0000000a     main.obj (.text)
                  000012d2    00000004     rtsv7M4_T_le_v4SPD16_eabi.lib : pre_init.c.obj (.text:_system_pre_init)
                  000012d6    00000004                                   : exit.c.obj (.text:abort:abort)

.const     0    000012da    0000015c     
                  000012da    00000158     Port_PBcfg.obj (.const:Port_Configuration)
                  00001432    00000004     Dio_PBcfg.obj (.const:Dio_Configuration)

.cinit     0    00001438    00000020     
                  00001438    0000000e     (.cinit..data.load) [load image, compression = lzss]
                  00001446    00000002     --HOLE-- [fill = 0]
                  00001448    00000008     (__TI_handler_table)
                  00001450    00000008     (__TI_cinit_table)

.init_array 
*          0    00000000    00000000     UNINITIALIZED

.data      0    20000200    00000016     UNINITIALIZED
                  20000200    00000005     Dio.obj (.data)
                  20000205    00000003     Button.obj (.data)
                  20000208    00000005     Port.obj (.data)
                  2000020d    00000002     App.obj (.data)
                  2000020f    00000001     --HOLE--
                  20000210    00000004     Gpt.obj (.data)
                  20000214    00000002     Os.obj (.data)

.stack     0    20000000    00000200     UNINITIALIZED
                  20000000    00000004     rtsv7M4_T_le_v4SPD16_eabi.lib : boot_cortex_m.c.obj (.stack)
                  20000004    000001fc     --HOLE--

__llvm_prf_cnts 
*          0    20000000    00000000     UNINITIALIZED

MODULE SUMMARY

       Module                         code   ro data   rw data
       ------                         ----   -------   -------
    .\
       Port.obj                       2376   0         5      
       Dio.obj                        780    0         5      
       tm4c123gh6pm_startup_ccs.obj   12     620       0      
       Port_PBcfg.obj                 0      344       0      
       Os.obj                         168    0         2      
       Gpt.obj                        124    0         4      
       Button.obj                     124    0         3      
       App.obj                        92     0         2      
       Led.obj                        62     0         0      
       Mcu.obj                        32     0         0      
       Det.obj                        22     0         0      
       main.obj                       10     0         0      
       Dio_PBcfg.obj                  0      4         0      
    +--+------------------------------+------+---------+---------+
       Total:                         3802   968       21     
                                                              
    C:\ti\ccs1270\ccs\tools\compiler\ti-cgt-arm_20.2.7.LTS\lib\rtsv7M4_T_le_v4SPD16_eabi.lib
       memcpy_t2.asm.obj              156    0         0      
       copy_decompress_lzss.c.obj     104    0         0      
       autoinit.c.obj                 68     0         0      
       boot_cortex_m.c.obj            52     0         0      
       copy_decompress_none.c.obj     14     0         0      
       exit.c.obj                     4      0         0      
       pre_init.c.obj                 4      0         0      
    +--+------------------------------+------+---------+---------+
       Total:                         402    0         0      
                                                              
       Stack:                         0      0         512    
       Linker Generated:              0      30        0      
    +--+------------------------------+------+---------+---------+
       Grand Total:                   4204   998       533    


LINKER GENERATED COPY TABLES

__TI_cinit_table @ 00001450 records: 1, size/record: 8, table size: 8
	.data: load addr=00001438, load size=0000000e bytes, run addr=20000200, run size=00000016 bytes, compression=lzss


LINKER GENERATED HANDLER TABLE

__TI_handler_table @ 00001448 records: 2, size/record: 4, table size: 8
	index: 0, handler: __TI_decompress_lzss
	index: 1, handler: __TI_decompress_none


GLOBAL SYMBOLS: SORTED ALPHABETICALLY BY Name 

address   name                          
-------   ----                          
00001189  App_Task                      
00001005  Button_GetState               
0000100b  Button_RefreshState           
00001179  Button_Task                   
000012d7  C$$EXIT                       
00001299  Det_ReportError               
00001432  Dio_Configuration             
00000d93  Dio_FlipChannel               
00000bb5  Dio_Init                      
00000cb9  Dio_ReadChannel               
00000bd9  Dio_WriteChannel              
00001165  Init_Task                     
0000121d  Led_RefreshOutput             
00001211  Led_SetOff                    
00001205  Led_SetOn                     
00001181  Led_Task                      
00001235  Led_Toggle                    
00001279  Mcu_Init                      
00000edb  Os_NewTimerTick               
00000eeb  Os_Scheduler                  
00000ec1  Os_start                      
000012da  Port_Configuration            
00000b4d  Port_GetVersionInfo           
0000026d  Port_Init                     
000007c1  Port_RefreshPortDirection     
000006b3  Port_SetPinDirection          
000008d9  Port_SetPinMode               
000012bd  ResetISR                      
00001081  SysTick_Handler               
000010d9  SysTick_SetCallBack           
00001091  SysTick_Start                 
000010d1  SysTick_Stop                  
20000200  __STACK_END                   
00000200  __STACK_SIZE                  
20000200  __STACK_TOP                   
00001450  __TI_CINIT_Base               
00001458  __TI_CINIT_Limit              
00001448  __TI_Handler_Table_Base       
00001450  __TI_Handler_Table_Limit      
000011c1  __TI_auto_init_nobinit_nopinit
000010fd  __TI_decompress_lzss          
000012af  __TI_decompress_none          
ffffffff  __TI_pprof_out_hndl           
ffffffff  __TI_prof_data_size           
ffffffff  __TI_prof_data_start          
00000000  __TI_static_base__            
00000f69  __aeabi_memcpy                
00000f69  __aeabi_memcpy4               
00000f69  __aeabi_memcpy8               
ffffffff  __binit__                     
ffffffff  __c_args__                    
UNDEFED   __mpu_init                    
20000000  __stack                       
20000000  __start___llvm_prf_cnts       
20000000  __stop___llvm_prf_cnts        
00001245  _c_int00_noargs               
UNDEFED   _system_post_cinit            
000012d3  _system_pre_init              
000012d7  abort                         
ffffffff  binit                         
00000000  g_pfnVectors                  
000012c9  main                          
00000f69  memcpy                        


GLOBAL SYMBOLS: SORTED BY Symbol Address 

address   name                          
-------   ----                          
00000000  __TI_static_base__            
00000000  g_pfnVectors                  
00000200  __STACK_SIZE                  
0000026d  Port_Init                     
000006b3  Port_SetPinDirection          
000007c1  Port_RefreshPortDirection     
000008d9  Port_SetPinMode               
00000b4d  Port_GetVersionInfo           
00000bb5  Dio_Init                      
00000bd9  Dio_WriteChannel              
00000cb9  Dio_ReadChannel               
00000d93  Dio_FlipChannel               
00000ec1  Os_start                      
00000edb  Os_NewTimerTick               
00000eeb  Os_Scheduler                  
00000f69  __aeabi_memcpy                
00000f69  __aeabi_memcpy4               
00000f69  __aeabi_memcpy8               
00000f69  memcpy                        
00001005  Button_GetState               
0000100b  Button_RefreshState           
00001081  SysTick_Handler               
00001091  SysTick_Start                 
000010d1  SysTick_Stop                  
000010d9  SysTick_SetCallBack           
000010fd  __TI_decompress_lzss          
00001165  Init_Task                     
00001179  Button_Task                   
00001181  Led_Task                      
00001189  App_Task                      
000011c1  __TI_auto_init_nobinit_nopinit
00001205  Led_SetOn                     
00001211  Led_SetOff                    
0000121d  Led_RefreshOutput             
00001235  Led_Toggle                    
00001245  _c_int00_noargs               
00001279  Mcu_Init                      
00001299  Det_ReportError               
000012af  __TI_decompress_none          
000012bd  ResetISR                      
000012c9  main                          
000012d3  _system_pre_init              
000012d7  C$$EXIT                       
000012d7  abort                         
000012da  Port_Configuration            
00001432  Dio_Configuration             
00001448  __TI_Handler_Table_Base       
00001450  __TI_CINIT_Base               
00001450  __TI_Handler_Table_Limit      
00001458  __TI_CINIT_Limit              
20000000  __stack                       
20000000  __start___llvm_prf_cnts       
20000000  __stop___llvm_prf_cnts        
20000200  __STACK_END                   
20000200  __STACK_TOP                   
ffffffff  __TI_pprof_out_hndl           
ffffffff  __TI_prof_data_size           
ffffffff  __TI_prof_data_start          
ffffffff  __binit__                     
ffffffff  __c_args__                    
ffffffff  binit                         
UNDEFED   __mpu_init                    
UNDEFED   _system_post_cinit            

[63 symbols]
